// Vitest Snapshot v1, https://vitest.dev/guide/snapshot.html

exports[`<Loading /> > should a render Loading 1`] = `
<div
  aria-label="Loading"
  class="hnNaLz"
>
  <div
    class="jJUzso"
  >
    <div
      class="iuwazv"
    />
  </div>
</div>
`;
